eeschema (2010-05-05 BZR 2356)-stable  >> Creation date: 5/07/2011 7:34:22 p.m.

#Cmp ( order = Value )
| 0            R39       ;             
| 0            R40       ;             
| 0            R77       ;             
| 0            R78       ;             
| 0.1          C2        ;             
| 0.1          C3        ;             
| 0.1          C4        ;             
| 0.1          C5        ;             
| 0.1          C6        ;             
| 0.1          C7        ;             
| 0.1          C8        ;             
| 0.1          C9        ;             
| 0.1          C10       ;             
| 0.1          C15       ;             
| 0.1          C17       ;             
| 0.1          C18       ;             
| 0.1          C19       ;             
| 0.1          C20       ;             
| 0.1          C21       ;             
| 0.1          C22       ;             
| 0.1          C23       ;             
| 0.1          C24       ;             
| 0.1          C25       ;             
| 0.1          C26       ;             
| 0.1          C27       ;             
| 0.1          C28       ;             
| 0.1          C29       ;             
| 100K         R36       ;             
| 10K          R25       ;             
| 10K          R33       ;             
| 10K          R34       ;             
| 10K          R35       ;             
| 10K          R46       ;             
| 10K          R47       ;             
| 10K          R48       ;             
| 10K          R49       ;             
| 10K          R54       ;             
| 10K          R55       ;             
| 10K          R56       ;             
| 10K          R57       ;             
| 10K          R63       ;             
| 10K          R64       ;             
| 10K          R65       ;             
| 10K          R66       ;             
| 10K          R67       ;             
| 10K          R69       ;             
| 10K          R72       ;             
| 10K          R73       ;             
| 10K          R74       ;             
| 10K          R76       ;             
| 10u          C1        ;             
| 10u          C11       ;             
| 10u          L1        ;             
| 10u          L2        ;             
| 150K         R37       ;             
| 150K         R80       ;             
| 16MHz 18pf   X1        ;             
| 18p          C13       ;             
| 18p          C14       ;             
| 1K           R75       ;             
| 1K           R82       ;             
| 1u           C16       ;             
| 1u           C44       ;             
| 1u           C45       ;             
| 1u           C46       ;             
| 1u           C47       ;             
| 1u           C48       ;             
| 1u           C49       ;             
| 1u           C50       ;             
| 1u           C51       ;             
| 1u           C52       ;             
| 200          R3        ;             
| 200          R4        ;             
| 200          R5        ;             
| 200          R6        ;             
| 200          R8        ;             
| 200          R9        ;             
| 200          R10       ;             
| 200          R11       ;             
| 200          R12       ;             
| 200          R13       ;             
| 200          R14       ;             
| 200          R18       ;             
| 200          R19       ;             
| 200          R20       ;             
| 200          R21       ;             
| 200          R22       ;             
| 200          R26       ;             
| 200          R68       ;             
| 200          R70       ;             
| 200          R71       ;             
| 200          R79       ;             
| 200          R83       ;             
| 200          R84       ;             
| 2K7          R2        ;             
| 4066         U2        ;             
| 47u          C12       ;             
| 5K1          R1        ;             
| 5K1          R42       ;             
| 5K1          R43       ;             
| 5K1          R44       ;             
| 5K1          R45       ;             
| 5K1          R50       ;             
| 5K1          R51       ;             
| 5K1          R52       ;             
| 5K1          R53       ;             
| 5K1          R58       ;             
| 5K1          R59       ;             
| 5K1          R60       ;             
| 5K1          R61       ;             
| 5K1          R62       ;             
| 5K1          R81       ;             
| 78L05        U1        ; SOT89       
| ATmega2561   I1        ; ATMEGA64_08 
| BC847C       Q1        ; SOT23-BCE   
| BC847C       Q2        ; SOT23-BCE   
| BC847C       Q4        ; SOT23-BCE   
| BC857C       Q3        ; SOT23-BCE   
| CONN_1       P9        ;             
| CONN_1       P11       ;             
| CONN_1       P16       ;             
| CONN_1       P17       ;             
| CONN_12      P7        ;             
| CONN_2       P14       ; CONN_2MM_2x1
| CONN_2       P18       ; CONN_2MM_2x1
| CONN_3       K1        ;             
| CONN_3       K2        ;             
| CONN_3       K3        ;             
| CONN_30      P8        ;             
| CONN_5       P2        ;             
| CONN_5X2     P1        ;             
| CONN_6       P3        ;             
| CONN_6       P6        ;             
| CONN_8       P13       ;             
| CONN_9       P4        ;             
| CONN_9       P5        ;             
| DIODE        D1        ;             
| DIODESCH     D2        ;             
| DIODESCH     D3        ;             
| DIODESCH     D4        ;             
| DIODESCH     D5        ;             
| DIODESCH     D6        ;             
| DIODESCH     D7        ;             
| DIODESCH     D8        ;             
| DIODESCH     D9        ;             
| DIODESCH     D10       ;             
| DIODESCH     D11       ;             
| DIODESCH     D12       ;             
| DIODESCH     D13       ;             
| DIODESCH     D14       ;             
| DIODESCH     D15       ;             
| LN-6206-30   U3        ;             
| NC           R38       ;             
| NC           R41       ;             
| SW_PUSH      SW1       ;             
| SW_PUSH      SW2       ;             
| SW_PUSH      SW3       ;             
| SW_PUSH      SW4       ;             
| SW_PUSH      SW5       ;             
| SW_PUSH      SW6       ;             
#End Cmp

#End List
